Microchip MPLAB XC8 Compiler V2.41

Linker command line:

-W-3 \
  --edf=C:\Program Files\Microchip\xc8\v2.41\pic\dat\20230208172133_en.msgs \
  -cn -h+dist/default/production\tcc-micro.X.production.sym \
  --cmf=dist/default/production\tcc-micro.X.production.cmf -z -Q18F4520 \
  -oC:\Users\joaop\AppData\Local\Temp\xcAse3s.\driver_tmp_3.o \
  --defsym=__MPLAB_BUILD=1 --fixupoverflow=error \
  -Mdist/default/production/tcc-micro.X.production.map \
  --md=C:\Users\joaop\AppData\Local\Temp\xcAse3s.\driver_tmp_0.dat -E1 \
  -ver=XC8 Compiler --acfsm=1493 -ACODE=00h-06FFFh -ACONST=00h-06FFFh \
  -ASMALLCONST=0600h-06FFhx106 -AMEDIUMCONST=0600h-06FFFh -ACOMRAM=01h-07Fh \
  -AABS1=00h-05FFh -ABIGRAM=01h-05FFh -ARAM=080h-0FFh,0100h-01FFhx5 \
  -ABANK0=080h-0FFh -ABANK1=0100h-01FFh -ABANK2=0200h-02FFh \
  -ABANK3=0300h-03FFh -ABANK4=0400h-04FFh -ABANK5=0500h-05FFh \
  -ASFR=0F80h-0FFFh -ABIGSFR=0F80h-0FFFh -ACONFIG=0300000h-030000Dh \
  -AIDLOC=0200000h-0200007h -AEEDATA=0F00000h-0F000FFh -peeprom_data=EEDATA \
  -preset_vec=00h,intcode=08h,intcodelo,powerup,init -pramtop=0600h \
  -psmallconst=SMALLCONST -pmediumconst=MEDIUMCONST -pconst=CONST \
  -AFARRAM=00h-00h \
  -prdata=COMRAM,nvrram=COMRAM,nvbit=COMRAM,rbss=COMRAM,rbit=COMRAM \
  -pfarbss=FARRAM,fardata=FARRAM,nvFARRAM=FARRAM \
  -pintsave_regs=BIGRAM,bigbss=BIGRAM,bigdata=BIGRAM -pbss=RAM \
  -pidata=CODE,irdata=CODE,ibigdata=CODE,ifardata=CODE -prparam=COMRAM \
  C:\Users\joaop\AppData\Local\Temp\xcAse3s.\driver_tmp_14.o \
  dist/default/production\tcc-micro.X.production.o 

Object code version is 3.11

Machine type is 18F4520



                Name                               Link     Load   Length Selector   Space Scale
C:\Users\joaop\AppData\Local\Temp\xcAse3s.\driver_tmp_14.o
                idloc                            200000   200000        8        0       5
                config                           300000   300000        E        0       4
                init                                  E        E        4        4       0
                reset_vec                             0        0        4        0       0
dist/default/production\tcc-micro.X.production.o
                intcode                               8        8        6        4       0
                idloc                            200000   200000        8        0       5
                config                           300000   300000        E        0       4
                temp                                 65       65        1        1       1
                smallconst                          600      600       24      300       0
                intcode_body                        C58      C58      22A      312       0
                text17                             178C     178C       26      312       0
                text16                             17B2     17B2       1A      312       0
                text15                             1330     1330       C4      312       0
                text14                             13F4     13F4       B0      312       0
                text13                             1700     1700       40      312       0
                text12                             17CC     17CC       16      312       0
                text11                             1266     1266       CA      312       0
                text10                             16BC     16BC       44      312       0
                text9                              151E     151E       7A      312       0
                text8                               E82      E82      194      312       0
                text7                              1144     1144      122      312       0
                text6                              166E     166E       4E      312       0
                text5                              1766     1766       26      312       0
                text4                              1604     1604       6A      312       0
                text3                              1598     1598       6C      312       0
                text2                              1016     1016      12E      312       0
                text1                              14A4     14A4       7A      312       0
                text0                               624      624      634      312       0
                cstackCOMRAM                          1        1       53        1       1
                cstackBANK0                          B8       B8       2E       80       1
                bssBANK0                             80       80       38       80       1
                bssCOMRAM                            54       54       11        1       1
                cinit                              1740     1740       26      312       0

TOTAL           Name                               Link     Load   Length     Space
        CLASS   CODE           
                intcode                               8        8        6         0
                init                                  E        E        4         0
                reset_vec                             0        0        4         0
                intcode_body                        C58      C58      22A         0
                text17                             178C     178C       26         0
                text16                             17B2     17B2       1A         0
                text15                             1330     1330       C4         0
                text14                             13F4     13F4       B0         0
                text13                             1700     1700       40         0
                text12                             17CC     17CC       16         0
                text11                             1266     1266       CA         0
                text10                             16BC     16BC       44         0
                text9                              151E     151E       7A         0
                text8                               E82      E82      194         0
                text7                              1144     1144      122         0
                text6                              166E     166E       4E         0
                text5                              1766     1766       26         0
                text4                              1604     1604       6A         0
                text3                              1598     1598       6C         0
                text2                              1016     1016      12E         0
                text1                              14A4     14A4       7A         0
                text0                               624      624      634         0
                cinit                              1740     1740       26         0

        CLASS   CONST          

        CLASS   SMALLCONST     
                smallconst                          600      600       24         0

        CLASS   MEDIUMCONST    

        CLASS   COMRAM         
                temp                                 65       65        1         1
                cstackCOMRAM                          1        1       53         1
                bssCOMRAM                            54       54       11         1

        CLASS   ABS1           

        CLASS   BIGRAM         

        CLASS   RAM            

        CLASS   BANK0          
                cstackBANK0                          B8       B8       2E         1
                bssBANK0                             80       80       38         1

        CLASS   BANK1          

        CLASS   BANK2          

        CLASS   BANK3          

        CLASS   BANK4          

        CLASS   BANK5          

        CLASS   SFR            

        CLASS   BIGSFR         

        CLASS   CONFIG         
                config                           300000   300000        E         4

        CLASS   IDLOC          
                idloc                            200000   200000        8         5

        CLASS   EEDATA         

        CLASS   FARRAM         

        CLASS   HEAP           

        CLASS   STACK          



SEGMENTS        Name                           Load    Length   Top    Selector   Space  Class

                reset_vec                      000000  000004  000004         0       0  CODE    
                cstackCOMRAM                   000001  000065  000066         1       1  COMRAM  
                intcode                        000008  00000A  000012         4       0  CODE    
                bssBANK0                       000080  000066  0000E6        80       1  BANK0   
                smallconst                     000600  000024  000624       300       0  SMALLCON
                text0                          000624  0011BE  0017E2       312       0  CODE    


UNUSED ADDRESS RANGES

        Name                Unused          Largest block    Delta
        BANK0            0000E6-0000FF               1A
        BANK1            000100-0001FF              100
        BANK2            000200-0002FF              100
        BANK3            000300-0003FF              100
        BANK4            000400-0004FF              100
        BANK5            000500-0005FF              100
        BIGRAM           000066-00007F               1A
                         0000E6-0005FF              51A
        BIGSFR           000F80-000FFF               80
        CODE             000004-000007                4
                         000012-0005FF              5EE
                         0017E2-006FFF             581E
        COMRAM           000066-00007F               1A
        CONST            000004-000007                4
                         000012-0005FF              5EE
                         0017E2-006FFF             581E
        EEDATA           F00000-F000FF              100
        MEDIUMCONST      0017E2-006FFF             581E
        RAM              0000E6-0005FF              100
        SFR              000F80-000FFF               80
        SMALLCONST       0017E2-006FFF              100

                                  Symbol Table

?___awdiv                      cstackCOMRAM 00000B
?___awmod                      cstackCOMRAM 00000B
?___lmul                       cstackCOMRAM 00000B
?_abs                          cstackCOMRAM 000011
?_printf                       cstackCOMRAM 00004A
?_rand                         cstackCOMRAM 000017
?_vfprintf                     cstackCOMRAM 000042
_ADCON1                        (abs)        000FC1
_BAUDCONbits                   (abs)        000FB8
_INTCON2bits                   (abs)        000FF1
_INTCON3bits                   (abs)        000FF0
_INTCONbits                    (abs)        000FF2
_PORTBbits                     (abs)        000F81
_PORTCbits                     (abs)        000F82
_PORTD                         (abs)        000F83
_PORTDbits                     (abs)        000F83
_RCONbits                      (abs)        000FD0
_RCSTAbits                     (abs)        000FAB
_SPBRG                         (abs)        000FAF
_SPBRGH                        (abs)        000FB0
_TRISB                         (abs)        000F93
_TRISCbits                     (abs)        000F94
_TRISD                         (abs)        000F95
_TXREG                         (abs)        000FAD
_TXSTAbits                     (abs)        000FAC
__HRAM                         (abs)        000000
__H__absolute__                __absolute__ 000000
__Habs1                        abs1         000000
__Hbank0                       bank0        000000
__Hbank1                       bank1        000000
__Hbank2                       bank2        000000
__Hbank3                       bank3        000000
__Hbank4                       bank4        000000
__Hbank5                       bank5        000000
__Hbigbss                      bigbss       000000
__Hbigdata                     bigdata      000000
__Hbigram                      bigram       000000
__Hbigsfr                      bigsfr       000000
__Hbss                         bss          000000
__HbssBANK0                    bssBANK0     000000
__HbssCOMRAM                   bssCOMRAM    000000
__Hcinit                       cinit        000000
__Hclrtext                     clrtext      000000
__Hcomram                      comram       000000
__Hconfig                      config       30000E
__Hconst                       const        000000
__HcstackBANK0                 cstackBANK0  000000
__HcstackCOMRAM                cstackCOMRAM 000000
__Hdata                        data         000000
__Heeprom_data                 eeprom_data  000000
__Hfarbss                      farbss       000000
__Hfardata                     fardata      000000
__Hheap                        heap         000000
__Hibigdata                    ibigdata     000000
__Hidata                       idata        000000
__Hidloc                       idloc        200008
__Hifardata                    ifardata     000000
__Hinit                        init         000012
__Hintcode                     intcode      00000E
__Hintcode_body                intcode_body 000000
__Hintcodelo                   intcodelo    00000E
__Hintentry                    intentry     000000
__Hintret                      intret       000000
__Hintsave_regs                intsave_regs 000000
__Hirdata                      irdata       000000
__Hmediumconst                 mediumconst  000000
__HnvFARRAM                    nvFARRAM     000000
__Hnvbit                       nvbit        000000
__Hnvrram                      nvrram       000000
__Hparam                       rparam       000000
__Hpowerup                     powerup      00000E
__Hram                         ram          000000
__Hramtop                      ramtop       000600
__Hrbit                        rbit         000000
__Hrbss                        rbss         000000
__Hrdata                       rdata        000000
__Hreset_vec                   reset_vec    000004
__Hrparam                      rparam       000000
__Hsfr                         sfr          000000
__Hsmallconst                  smallconst   000624
__Hspace_0                     (abs)        0017E2
__Hspace_1                     (abs)        0000E6
__Hspace_2                     (abs)        000000
__Hspace_4                     (abs)        60000E
__Hstack                       stack        000000
__Hstruct                      struct       000000
__Htemp                        temp         000066
__Htext                        text         000000
__Htext0                       text0        000000
__Htext1                       text1        000000
__Htext10                      text10       000000
__Htext11                      text11       000000
__Htext12                      text12       000000
__Htext13                      text13       000000
__Htext14                      text14       000000
__Htext15                      text15       000000
__Htext16                      text16       000000
__Htext17                      text17       000000
__Htext2                       text2        000000
__Htext3                       text3        000000
__Htext4                       text4        000000
__Htext5                       text5        000000
__Htext6                       text6        000000
__Htext7                       text7        000000
__Htext8                       text8        000000
__Htext9                       text9        000000
__LRAM                         (abs)        000001
__L__absolute__                __absolute__ 000000
__Labs1                        abs1         000000
__Lbank0                       bank0        000000
__Lbank1                       bank1        000000
__Lbank2                       bank2        000000
__Lbank3                       bank3        000000
__Lbank4                       bank4        000000
__Lbank5                       bank5        000000
__Lbigbss                      bigbss       000000
__Lbigdata                     bigdata      000000
__Lbigram                      bigram       000000
__Lbigsfr                      bigsfr       000000
__Lbss                         bss          000000
__LbssBANK0                    bssBANK0     000000
__LbssCOMRAM                   bssCOMRAM    000000
__Lcinit                       cinit        000000
__Lclrtext                     clrtext      000000
__Lcomram                      comram       000000
__Lconfig                      config       000000
__Lconst                       const        000000
__LcstackBANK0                 cstackBANK0  000000
__LcstackCOMRAM                cstackCOMRAM 000000
__Ldata                        data         000000
__Leeprom_data                 eeprom_data  000000
__Lfarbss                      farbss       000000
__Lfardata                     fardata      000000
__Lheap                        heap         000000
__Libigdata                    ibigdata     000000
__Lidata                       idata        000000
__Lidloc                       idloc        000000
__Lifardata                    ifardata     000000
__Linit                        init         00000E
__Lintcode                     intcode      000008
__Lintcode_body                intcode_body 000000
__Lintcodelo                   intcodelo    00000E
__Lintentry                    intentry     000000
__Lintret                      intret       000000
__Lintsave_regs                intsave_regs 000000
__Lirdata                      irdata       000000
__Lmediumconst                 mediumconst  000000
__LnvFARRAM                    nvFARRAM     000000
__Lnvbit                       nvbit        000000
__Lnvrram                      nvrram       000000
__Lparam                       rparam       000000
__Lpowerup                     powerup      00000E
__Lram                         ram          000000
__Lramtop                      ramtop       000600
__Lrbit                        rbit         000000
__Lrbss                        rbss         000000
__Lrdata                       rdata        000000
__Lreset_vec                   reset_vec    000000
__Lrparam                      rparam       000000
__Lsfr                         sfr          000000
__Lsmallconst                  smallconst   000600
__Lspace_0                     (abs)        000000
__Lspace_1                     (abs)        000000
__Lspace_2                     (abs)        000000
__Lspace_4                     (abs)        000000
__Lstack                       stack        000000
__Lstruct                      struct       000000
__Ltemp                        temp         000065
__Ltext                        text         000000
__Ltext0                       text0        000000
__Ltext1                       text1        000000
__Ltext10                      text10       000000
__Ltext11                      text11       000000
__Ltext12                      text12       000000
__Ltext13                      text13       000000
__Ltext14                      text14       000000
__Ltext15                      text15       000000
__Ltext16                      text16       000000
__Ltext17                      text17       000000
__Ltext2                       text2        000000
__Ltext3                       text3        000000
__Ltext4                       text4        000000
__Ltext5                       text5        000000
__Ltext6                       text6        000000
__Ltext7                       text7        000000
__Ltext8                       text8        000000
__Ltext9                       text9        000000
__S0                           (abs)        0017E2
__S1                           (abs)        0000E6
__S4                           (abs)        000000
__S5                           (abs)        000000
___awdiv                       text15       001330
___awdiv@counter               cstackCOMRAM 00000F
___awdiv@dividend              cstackCOMRAM 00000B
___awdiv@divisor               cstackCOMRAM 00000D
___awdiv@quotient              cstackCOMRAM 000011
___awdiv@sign                  cstackCOMRAM 000010
___awmod                       text14       0013F4
___awmod@counter               cstackCOMRAM 00000F
___awmod@dividend              cstackCOMRAM 00000B
___awmod@divisor               cstackCOMRAM 00000D
___awmod@sign                  cstackCOMRAM 000010
___heap_hi                     (abs)        000000
___heap_lo                     (abs)        000000
___inthi_sp                    stack        000000
___intlo_sp                    stack        000000
___lmul                        text4        001604
___lmul@multiplicand           cstackCOMRAM 00000F
___lmul@multiplier             cstackCOMRAM 00000B
___lmul@product                cstackCOMRAM 000013
___param_bank                  (abs)        000000
___rparam_used                 (abs)        000001
___sp                          stack        000000
__accesstop                    (abs)        000080
__activetblptr                 (abs)        000002
__end_of___awdiv               text15       0013F4
__end_of___awmod               text14       0014A4
__end_of___lmul                text4        00166E
__end_of__initialization       cinit        001758
__end_of_abs                   text13       001740
__end_of_dtoa                  text8        001016
__end_of_fputc                 text11       001330
__end_of_fputs                 text10       001700
__end_of_init                  text17       0017B2
__end_of_initUART              text16       0017CC
__end_of_interruption          intcode_body 000E82
__end_of_main                  text0        000C58
__end_of_pad                   text9        001598
__end_of_printf                text5        00178C
__end_of_putch                 text12       0017E2
__end_of_rand                  text3        001604
__end_of_reproduz_vitoria      text2        001144
__end_of_setLED                text1        00151E
__end_of_vfpfcnvrt             text7        001266
__end_of_vfprintf              text6        0016BC
__initialization               cinit        001740
__mediumconst                  mediumconst  000000
__pbssBANK0                    bssBANK0     000080
__pbssCOMRAM                   bssCOMRAM    000054
__pcinit                       cinit        001740
__pcstackBANK0                 cstackBANK0  0000B8
__pcstackCOMRAM                cstackCOMRAM 000001
__pintcode                     intcode      000008
__pintcode_body                intcode_body 000C58
__psmallconst                  smallconst   000600
__ptext0                       text0        000624
__ptext1                       text1        0014A4
__ptext10                      text10       0016BC
__ptext11                      text11       001266
__ptext12                      text12       0017CC
__ptext13                      text13       001700
__ptext14                      text14       0013F4
__ptext15                      text15       001330
__ptext16                      text16       0017B2
__ptext17                      text17       00178C
__ptext2                       text2        001016
__ptext3                       text3        001598
__ptext4                       text4        001604
__ptext5                       text5        001766
__ptext6                       text6        00166E
__ptext7                       text7        001144
__ptext8                       text8        000E82
__ptext9                       text9        00151E
__ramtop                       ramtop       000600
__smallconst                   smallconst   000600
_abs                           text13       001700
_dbuf                          bssBANK0     000098
_dtoa                          text8        000E82
_dtoa$1310                     cstackCOMRAM 00002B
_flags                         bssCOMRAM    000060
_fputc                         text11       001266
_fputs                         text10       0016BC
_init                          text17       00178C
_initUART                      text16       0017B2
_interruption                  intcode      000008
_main                          text0        000624
_pad                           text9        00151E
_prec                          bssCOMRAM    00005E
_pressedBTN1                   bssBANK0     000096
_pressedBTN2                   bssBANK0     000094
_pressedBTN3                   bssBANK0     000092
_pressedBTN4                   bssBANK0     000090
_printf                        text5        001766
_putch                         text12       0017CC
_rand                          text3        001598
_reproduz_vitoria              text2        001016
_seed                          bssCOMRAM    000061
_setLED                        text1        0014A4
_vfpfcnvrt                     text7        001144
_vfprintf                      text6        00166E
_width                         bssCOMRAM    00005C
abs@a                          cstackCOMRAM 000011
btemp                          temp         000065
dtoa@d                         cstackCOMRAM 000029
dtoa@fp                        cstackCOMRAM 000027
dtoa@i                         cstackCOMRAM 000031
dtoa@p                         cstackCOMRAM 00002D
dtoa@s                         cstackCOMRAM 000033
dtoa@w                         cstackCOMRAM 00002F
end_of_initialization          cinit        001758
fputc@c                        cstackCOMRAM 00000C
fputc@fp                       cstackCOMRAM 00000E
fputs@c                        cstackCOMRAM 000019
fputs@fp                       cstackCOMRAM 000017
fputs@i                        cstackCOMRAM 00001A
fputs@s                        cstackCOMRAM 000015
int$flags                      temp         000065
int_func                       intcode_body 000C58
interruption@i                 cstackCOMRAM 000003
interruption@i_687             cstackCOMRAM 000005
interruption@i_688             cstackCOMRAM 000007
interruption@i_689             cstackCOMRAM 000009
intlevel0                      text         000000
intlevel1                      text         000000
intlevel2                      text         000000
intlevel3                      text         000000
isa$std                        (abs)        000001
isa$xinst                      (abs)        000000
main@array                     cstackBANK0  0000C0
main@esperando_sequencia_facil cstackBANK0  0000BE
main@estagio                   cstackBANK0  0000E4
main@i                         cstackBANK0  0000D2
main@i_789                     cstackBANK0  0000D8
main@i_792                     cstackBANK0  0000DA
main@i_793                     cstackBANK0  0000DC
main@i_794                     cstackBANK0  0000DE
main@i_795                     cstackBANK0  0000E0
main@i_796                     cstackBANK0  0000E2
main@i_801                     cstackBANK0  0000D4
main@possui_sequencia_facil    cstackBANK0  0000B8
main@possui_sequencia_media    cstackBANK0  0000BC
main@r                         cstackBANK0  0000D6
main@sequencia_facil           cstackBANK0  0000C8
main@sequencia_facil_finalizou cstackBANK0  0000D0
main@sequencia_facil_perdeu    cstackBANK0  0000BA
pad@buf                        cstackCOMRAM 00001E
pad@fp                         cstackCOMRAM 00001C
pad@i                          cstackCOMRAM 000023
pad@p                          cstackCOMRAM 000020
pad@w                          cstackCOMRAM 000025
printf@ap                      cstackCOMRAM 00004E
printf@fmt                     cstackCOMRAM 00004A
putch@byte                     cstackCOMRAM 00000B
reproduz_vitoria@i             cstackCOMRAM 00000C
reproduz_vitoria@i_765         cstackCOMRAM 00000E
reproduz_vitoria@i_766         cstackCOMRAM 000010
reproduz_vitoria@i_767         cstackCOMRAM 000012
setLED@pos                     cstackCOMRAM 00000E
setLED@value                   cstackCOMRAM 00000B
stackhi                        (abs)        000000
stacklo                        (abs)        000000
start                          init         00000E
start_initialization           cinit        001740
ttemp5                         temp         000066
ttemp6                         temp         000069
ttemp7                         temp         00006D
vfpfcnvrt@ap                   cstackCOMRAM 000038
vfpfcnvrt@convarg              cstackCOMRAM 00003C
vfpfcnvrt@cp                   cstackCOMRAM 000040
vfpfcnvrt@fmt                  cstackCOMRAM 000036
vfpfcnvrt@fp                   cstackCOMRAM 000034
vfprintf@ap                    cstackCOMRAM 000046
vfprintf@cfmt                  cstackCOMRAM 000048
vfprintf@fmt                   cstackCOMRAM 000044
vfprintf@fp                    cstackCOMRAM 000042
wtemp8                         temp         000066


MODULE INFORMATION

Module		Function		Class		Link	Load	Size
C:\Program Files\Microchip\xc8\v2.41\pic\sources\c99\common\awmod.c
		___awmod       		CODE           	13F4	0000	176

C:\Program Files\Microchip\xc8\v2.41\pic\sources\c99\common\awmod.c estimated size: 176

C:\Program Files\Microchip\xc8\v2.41\pic\sources\c99\common\Umul32.c
		___lmul        		CODE           	1604	0000	106

C:\Program Files\Microchip\xc8\v2.41\pic\sources\c99\common\Umul32.c estimated size: 106

C:\Program Files\Microchip\xc8\v2.41\pic\sources\c99\common\rand.c
		_rand          		CODE           	1598	0000	108

C:\Program Files\Microchip\xc8\v2.41\pic\sources\c99\common\rand.c estimated size: 108

C:\Program Files\Microchip\xc8\v2.41\pic\sources\c99\common\nf_fputc.c
		_fputc         		CODE           	1266	0000	202

C:\Program Files\Microchip\xc8\v2.41\pic\sources\c99\common\nf_fputc.c estimated size: 202

C:\Program Files\Microchip\xc8\v2.41\pic\sources\c99\common\awdiv.c
		___awdiv       		CODE           	1330	0000	196

C:\Program Files\Microchip\xc8\v2.41\pic\sources\c99\common\awdiv.c estimated size: 196

C:\Program Files\Microchip\xc8\v2.41\pic\sources\c99\common\abs.c
		_abs           		CODE           	1700	0000	64

C:\Program Files\Microchip\xc8\v2.41\pic\sources\c99\common\abs.c estimated size: 64

C:\Program Files\Microchip\xc8\v2.41\pic\sources\c99\common\doprnt.c
		_vfpfcnvrt     		CODE           	1144	0000	290
		_pad           		CODE           	151E	0000	122
		_dtoa          		CODE           	0E82	0000	404
		_vfprintf      		CODE           	166E	0000	78

C:\Program Files\Microchip\xc8\v2.41\pic\sources\c99\common\doprnt.c estimated size: 894

shared
		__initialization		CODE           	1740	0000	24

shared estimated size: 24

C:\Program Files\Microchip\xc8\v2.41\pic\sources\c99\common\nf_fputs.c
		_fputs         		CODE           	16BC	0000	68

C:\Program Files\Microchip\xc8\v2.41\pic\sources\c99\common\nf_fputs.c estimated size: 68

main.c
		_init          		CODE           	178C	0000	38
		_reproduz_vitoria		CODE           	1016	0000	302
		_putch         		CODE           	17CC	0000	22
		_setLED        		CODE           	14A4	0000	122
		_main          		CODE           	0624	0000	1588
		_initUART      		CODE           	17B2	0000	26
		_interruption  		CODE           	0008	0000	560

main.c estimated size: 2658

C:\Program Files\Microchip\xc8\v2.41\pic\sources\c99\common\printf.c
		_printf        		CODE           	1766	0000	38

C:\Program Files\Microchip\xc8\v2.41\pic\sources\c99\common\printf.c estimated size: 38

